[www.livetop.net/index.html]
[www.livetop.net/xmlrpc.php]
[www.livetop.net/wp-content/cache/autoptimize/css/autoptimize_e2162a383f71091f4a3614c9b28acefc.css]
[backblue.gif]
[fade.gif]
[index.html]
[www.livetop.net/wp-content/cache/autoptimize/css/autoptimize_b59aa73d5fd2605f66e40df051085a11.css]
[www.livetop.net/comments/feed/index.html]
[www.livetop.net/feed/index.html]
[www.livetop.net/wp-includes/js/jquery/jquery.minaf6c.js]
[www.livetop.net/wp-includes/js/jquery/jquery-migrate.mind617.js]
[www.livetop.net/wp-json/wp/v2/pages/43.json]
[www.livetop.net/xmlrpc0db0.php]
[www.livetop.net/wp-includes/wlwmanifest.xml]
[www.livetop.net/wp-json/oembed/1.0/embed9779.json]
[www.livetop.net/wp-json/index.html]
[www.livetop.net/wp-json/oembed/1.0/embedc16f]
[www.livetop.net/wp-content/themes/Divi/core/admin/fonts/modules.ttf]
[connect.facebook.net/en_US/fbevents.js]
[www.livetop.net/wp-content/uploads/2017/12/cropped-App-Icon-1024X1024-32x32.png]
[www.livetop.net/wp-content/uploads/2017/12/cropped-App-Icon-1024X1024-192x192.png]
[www.livetop.net/wp-content/uploads/2017/12/cropped-App-Icon-1024X1024-180x180.png]
[www.livetop.net/wp-content/uploads/2017/12/website-logo22-1.png]
[www.livetop.net/wp-content/uploads/2017/12/main-bg.jpg]
[www.livetop.net/wp-content/uploads/2017/12/high-school.png]
[www.livetop.net/wp-content/uploads/2017/12/primary-school.png]
[www.livetop.net/wp-content/uploads/2017/12/baptist-1.png]
[www.livetop.net/wp-content/uploads/2017/12/qaseme.png]
[www.livetop.net/wp-content/uploads/2017/12/orthodox.png]
[www.livetop.net/wp-content/uploads/2017/12/lpj.jpg]
[www.livetop.net/wp-content/uploads/2017/12/19.png]
[www.livetop.net/wp-content/uploads/2017/12/51.png]
[www.livetop.net/wp-content/uploads/2017/12/ola.png]
[www.livetop.net/wp-content/uploads/2017/12/output-onlinejpgtools.jpg]
[www.livetop.net/wp-content/uploads/2017/12/81.png]
[www.livetop.net/wp-content/uploads/2017/12/karmel.png]
[www.livetop.net/wp-content/uploads/2017/12/qalansawe.png]
[www.livetop.net/wp-content/uploads/2017/12/output-onlinejpgtools-7.jpg]
[www.livetop.net/wp-content/uploads/2017/12/76.png]
[www.livetop.net/wp-content/uploads/2017/12/output-onlinejpgtools-1.jpg]
[www.livetop.net/wp-content/uploads/2017/12/output-onlinejpgtools-2.jpg]
[www.livetop.net/wp-content/uploads/2017/12/mar-elias.png]
[www.livetop.net/wp-content/uploads/2017/12/hekme.jpg]
[www.livetop.net/wp-content/uploads/2017/12/saint-george.png]
[www.livetop.net/wp-content/uploads/2017/12/output-onlinejpgtools-6.jpg]
[www.livetop.net/wp-content/uploads/2017/12/frame-.png]
[www.livetop.net/wp-content/uploads/2017/12/coding-dot-bg.png]
[www.livetop.net/wp-content/uploads/2017/12/iStock_000024530074Medium-1.jpg]
[www.google.com/recaptcha/api.js]
[www.livetop.net/wp-content/themes/Divi/js/custom.unified8e83.js]
[www.livetop.net/wp-content/plugins/anythingslider-divi/scripts/frontend-bundle.minf24c.js]
[www.livetop.net/wp-content/themes/Divi/core/admin/js/common8e83.js]
[www.livetop.net/wp-includes/js/wp-embed.min3692.js]
[www.google.com/recaptcha/api3692.js]
[www.livetop.net/index.html]
[www.livetop.net/xmlrpc.html]
[www.livetop.net/wp-content/plugins/anythingslider-divi/scripts/custom.min3692.js]
[www.livetop.net/wp-content/themes/Divi/core/admin/fonts/modules.eot]
[www.livetop.net/wp-content/themes/Divi/epanel/shortcodes/images/shortcodes-sprite.png]
[www.livetop.net/wp-content/cache/autoptimize/css/autoptimize_e2162a383f71091f4a3614c9b28acefc.css]
[www.livetop.net/wp-content/cache/autoptimize/css/autoptimize_b59aa73d5fd2605f66e40df051085a11.css]
[fonts.googleapis.com/earlyaccess/lateef.css]
[www.livetop.net/xmlrpc0db0.html]
[www.livetop.net/a]
[www.livetop.net/POST]
[www.livetop.net/b.resolvedLink]
[www.livetop.net/schema.org/index.html]
[www.livetop.net/signals/iwl.js]
[connect.facebook.net/en_US/fbevents.js]
[www.livetop.net/a.html]
[www.livetop.net/POST.html]
[www.livetop.net/schema.org/index.html]
[www.livetop.net/b.html]
[www.livetop.net/signals/iwl.html]
