[secure.livetop.net/index.html]
[backblue.gif]
[fade.gif]
[index.html]
[secure.livetop.net/PrivateArea/TG_JavaScript/jquery-latest.minfc63.js]
[secure.livetop.net/TG_Styles/jquery.cookie7833.js]
[secure.livetop.net/TG_Styles/TG_LoginLTR161c.css]
[secure.livetop.net/PrivateArea/TG_Styles/loader.css]
[secure.livetop.net/TG_Styles/smartbanner.css]
[secure.livetop.net/TG_Styles/smartbanner.js]
[secure.livetop.net/WebResource032f.js]
[d35islomi5rx1v.cloudfront.net/ajaxz/2020.3.1021/Window.css]
[d35islomi5rx1v.cloudfront.net/ajaxz/2020.3.1021/Metro/Window.Metro.css]
[d35islomi5rx1v.cloudfront.net/ajaxz/2020.3.1021/ComboBox.css]
[d35islomi5rx1v.cloudfront.net/ajaxz/2020.3.1021/MetroTouch/ComboBox.MetroTouch.css]
[secure.livetop.net/Telerik.Web.UI.WebResource7fbd.js]
[d2i2wahzwrm1n5.cloudfront.net/ajaxz/2020.3.1021/Common/Core.js]
[d2i2wahzwrm1n5.cloudfront.net/ajaxz/2020.3.1021/Ajax/Ajax.js]
[d2i2wahzwrm1n5.cloudfront.net/ajaxz/2020.3.1021/Common/jQuery.js]
[d2i2wahzwrm1n5.cloudfront.net/ajaxz/2020.3.1021/Common/jQueryPlugins.js]
[d2i2wahzwrm1n5.cloudfront.net/ajaxz/2020.3.1021/Common/Helpers/IETouchActionManager.js]
[d2i2wahzwrm1n5.cloudfront.net/ajaxz/2020.3.1021/Common/Widgets/Draggable.js]
[d2i2wahzwrm1n5.cloudfront.net/ajaxz/2020.3.1021/Common/Widgets/Resizable.js]
[d2i2wahzwrm1n5.cloudfront.net/ajaxz/2020.3.1021/Common/Popup/PopupScripts.js]
[d2i2wahzwrm1n5.cloudfront.net/ajaxz/2020.3.1021/Common/TouchScrollExtender.js]
[d2i2wahzwrm1n5.cloudfront.net/ajaxz/2020.3.1021/Common/AnimationFramework/AnimationFramework.js]
[d2i2wahzwrm1n5.cloudfront.net/ajaxz/2020.3.1021/Common/MaterialRipple/MaterialRippleScripts.js]
[d2i2wahzwrm1n5.cloudfront.net/ajaxz/2020.3.1021/Common/ShortCutManager/ShortCutManagerScripts.js]
[d2i2wahzwrm1n5.cloudfront.net/ajaxz/2020.3.1021/Common/Animation/AnimationScripts.js]
[d2i2wahzwrm1n5.cloudfront.net/ajaxz/2020.3.1021/Window/RadWindowScripts.js]
[d2i2wahzwrm1n5.cloudfront.net/ajaxz/2020.3.1021/Common/Navigation/OData/OData.js]
[d2i2wahzwrm1n5.cloudfront.net/ajaxz/2020.3.1021/Common/Navigation/NavigationScripts.js]
[d2i2wahzwrm1n5.cloudfront.net/ajaxz/2020.3.1021/Common/Navigation/OverlayScript.js]
[d2i2wahzwrm1n5.cloudfront.net/ajaxz/2020.3.1021/ComboBox/RadComboBoxScripts.js]
[d2i2wahzwrm1n5.cloudfront.net/ajaxz/2020.3.1021/ComboBox/Views/ClassicView.js]
[secure.livetop.net/WebResource7706.js]
[secure.livetop.net/TG_DesignObjects/eduGov.png]
[secure.livetop.net/TG_DesignObjects/new/Microsoft_logo.svg.png]
[secure.livetop.net/TG_DesignObjects/new/background2.png]
[secure.livetop.net/index.html]
[secure.livetop.net/WebResource3590.html]
[secure.livetop.net/PrivateArea/TG_Styles/fonts/Greta_Arabic_Regular.eot]
[secure.livetop.net/PrivateArea/TG_Styles/fonts/Greta_Arabic_Regular.woff]
[secure.livetop.net/PrivateArea/TG_Styles/fonts/Greta_Arabic_Regular.otf]
[secure.livetop.net/PrivateArea/TG_Styles/fonts/Greta_Arabic_Regulard41d.eot]
[secure.livetop.net/TG_DesignObjects/new/login-bg.png]
[secure.livetop.net/TG_DesignObjects/new/HomePageLogo.png]
[secure.livetop.net/TG_DesignObjects/new/breakingSeperator.png]
[secure.livetop.net/TG_DesignObjects/new/langbox.png]
[secure.livetop.net/TG_DesignObjects/new/arrow-loginpage.png]
[secure.livetop.net/TG_DesignObjects/new/HomePageFooterLogo.png]
[secure.livetop.net/TG_DesignObjects/new/login-preload.png]
[secure.livetop.net/TG_DesignObjects/new/msgClose.png]
[secure.livetop.net/TG_DesignObjects/new/warning.png]
[secure.livetop.net/TG_DesignObjects/new/success.png]
[secure.livetop.net/TG_DesignObjects/new/fail.png]
[secure.livetop.net/TG_DesignObjects/contrast.png]
[secure.livetop.net/TG_DesignObjects/textsize.png]
[secure.livetop.net/TG_Styles/TG_LoginLTR161c.css]
[secure.livetop.net/PrivateArea/TG_Styles/loader.css]
[secure.livetop.net/TG_Styles/smartbanner.css]
[secure.livetop.net/POST]
[secure.livetop.net/WebResource032f.js]
[d35islomi5rx1v.cloudfront.net/ajaxz/2020.3.1021/Common/ModalDialogConfirm.gif]
[d35islomi5rx1v.cloudfront.net/ajaxz/2020.3.1021/Common/ModalDialogAlert.gif]
[d35islomi5rx1v.cloudfront.net/ajaxz/2020.3.1021/Window.css]
[d35islomi5rx1v.cloudfront.net/ajaxz/2020.3.1021/Metro/Window/Icon.gif]
[d35islomi5rx1v.cloudfront.net/ajaxz/2020.3.1021/Metro/Window/CommandButtonSprites.gif]
[d35islomi5rx1v.cloudfront.net/ajaxz/2020.3.1021/Metro/Window/rwResize.gif]
[d35islomi5rx1v.cloudfront.net/ajaxz/2020.3.1021/Metro/Common/loading.gif]
[d35islomi5rx1v.cloudfront.net/ajaxz/2020.3.1021/Metro/Common/loading_small.gif]
[d35islomi5rx1v.cloudfront.net/ajaxz/2020.3.1021/Metro/Window.Metro.css]
[d35islomi5rx1v.cloudfront.net/ajaxz/2020.3.1021/ComboBox.css]
[d35islomi5rx1v.cloudfront.net/ajaxz/2020.3.1021/MetroTouch/Common/radActionsSprite.png]
[d35islomi5rx1v.cloudfront.net/ajaxz/2020.3.1021/MetroTouch/ComboBox.MetroTouch.css]
[secure.livetop.net/Firefox/index.html]
[secure.livetop.net/MicrosoftAjaxWebForms.js]
[secure.livetop.net/Opera/index.html]
[secure.livetop.net/MicrosoftAjaxSerialization.js]
[secure.livetop.net/AppleWebKit/index.html]
[secure.livetop.net/MicrosoftAjaxNetwork.js]
[secure.livetop.net/Telerik.Web.UI.WebResource7fbd.js]
[d2i2wahzwrm1n5.cloudfront.net/ajaxz/2020.3.1021/Common/Core.js]
[d2i2wahzwrm1n5.cloudfront.net/ajaxz/2020.3.1021/Ajax/Ajax.js]
[secure.livetop.net/Edge/index.html]
[d2i2wahzwrm1n5.cloudfront.net/ajaxz/2020.3.1021/Common/jQuery.js]
[secure.livetop.net/Trident/index.html]
[secure.livetop.net/IEMobile/index.html]
[d2i2wahzwrm1n5.cloudfront.net/ajaxz/2020.3.1021/Common/jQueryPlugins.js]
[secure.livetop.net/OPR/index.html]
[d2i2wahzwrm1n5.cloudfront.net/ajaxz/2020.3.1021/Common/Helpers/IETouchActionManager.js]
[secure.livetop.net/OPiOS/index.html]
[d2i2wahzwrm1n5.cloudfront.net/ajaxz/2020.3.1021/Common/Widgets/Draggable.js]
[secure.livetop.net/Opera Mini/index.html]
[secure.livetop.net/Version/index.html]
[d2i2wahzwrm1n5.cloudfront.net/ajaxz/2020.3.1021/Common/Widgets/Resizable.js]
[d2i2wahzwrm1n5.cloudfront.net/ajaxz/2020.3.1021/Common/Popup/PopupScripts.js]
[d2i2wahzwrm1n5.cloudfront.net/ajaxz/2020.3.1021/Common/TouchScrollExtender.js]
[d2i2wahzwrm1n5.cloudfront.net/ajaxz/2020.3.1021/Common/AnimationFramework/AnimationFramework.js]
[d2i2wahzwrm1n5.cloudfront.net/ajaxz/2020.3.1021/Common/MaterialRipple/MaterialRippleScripts.js]
[d2i2wahzwrm1n5.cloudfront.net/ajaxz/2020.3.1021/Common/ShortCutManager/ShortCutManagerScripts.js]
[d2i2wahzwrm1n5.cloudfront.net/ajaxz/2020.3.1021/Common/Animation/AnimationScripts.js]
[d2i2wahzwrm1n5.cloudfront.net/ajaxz/2020.3.1021/Window/RadWindowScripts.js]
[d2i2wahzwrm1n5.cloudfront.net/ajaxz/2020.3.1021/Common/Navigation/OData/OData.js]
[d2i2wahzwrm1n5.cloudfront.net/ajaxz/2020.3.1021/Common/Navigation/NavigationScripts.js]
[d2i2wahzwrm1n5.cloudfront.net/ajaxz/2020.3.1021/Common/Navigation/OverlayScript.js]
[d2i2wahzwrm1n5.cloudfront.net/ajaxz/2020.3.1021/ComboBox/RadComboBoxScripts.js]
[d2i2wahzwrm1n5.cloudfront.net/ajaxz/2020.3.1021/ComboBox/Views/ClassicView.js]
[secure.livetop.net/WebResource7706.js]
[secure.livetop.net/WebResource3590.html]
[secure.livetop.net/POST.html]
[secure.livetop.net/Firefox/index.html]
[secure.livetop.net/AppleWebKit/index.html]
[secure.livetop.net/Opera/index.html]
[secure.livetop.net/MicrosoftAjaxWebForms.html]
[secure.livetop.net/MicrosoftAjaxSerialization.html]
[secure.livetop.net/MicrosoftAjaxNetwork.html]
[secure.livetop.net/Trident/index.html]
[secure.livetop.net/Edge/index.html]
[secure.livetop.net/IEMobile/index.html]
[secure.livetop.net/OPR/index.html]
[secure.livetop.net/OPiOS/index.html]
[secure.livetop.net/Opera Mini/index.html]
[secure.livetop.net/Version/index.html]
[secure.livetop.net/Chrome/index.html]
[secure.livetop.net/Chrome/index.html]
[secure.livetop.net/CriOS/index.html]
[secure.livetop.net/CriOS/index.html]
[secure.livetop.net/WebKit/index.html]
[secure.livetop.net/WebKit/index.html]
